2026-02-06T09:30:38.251642Z  INFO Total Q3 execution time: 2.10989825s
2026-02-06T09:30:38.251645Z  INFO Total Q3 Communication Sent 436.0956 MB, Recv 394.9727 MB
2026-02-06T09:30:43.037551Z  INFO Total Q4 execution time: 1.132872167s
2026-02-06T09:30:43.037554Z  INFO Total Q4 Communication Sent 269.0531 MB, Recv 233.9231 MB
2026-02-08T13:44:59.467690Z  INFO Total Q3 execution time: 2.157432541s
2026-02-08T13:44:59.467695Z  INFO Total Q3 Communication Sent 436.1320 MB, Recv 395.0118 MB
2026-02-08T13:45:09.937462Z  INFO Total Q4 execution time: 1.169722458s
2026-02-08T13:45:09.937465Z  INFO Total Q4 Communication Sent 269.0728 MB, Recv 233.9441 MB
2026-02-11T12:46:16.733752Z  INFO Total Q3 execution time: 3.86977525s
2026-02-11T12:46:16.733757Z  INFO Total Q3 Communication Sent 436.0956 MB, Recv 394.9727 MB
2026-02-11T12:47:19.343419Z  INFO Total Q3 execution time: 39.487326417s
2026-02-11T12:47:19.343442Z  INFO Total Q3 Communication Sent 4359.9657 MB, Recv 3948.6722 MB
2026-02-11T12:54:19.635494Z  INFO Total Q3 execution time: 31.875130917s
2026-02-11T12:54:19.635499Z  INFO Total Q3 Communication Sent 4359.9657 MB, Recv 3948.6722 MB
2026-02-11T12:55:39.389481Z  INFO Total Q3 execution time: 21.591255541s
2026-02-11T12:55:39.389486Z  INFO Total Q3 Communication Sent 4359.9657 MB, Recv 3948.6722 MB
2026-02-11T12:57:48.482239Z  INFO Total Q3 execution time: 20.437186709s
2026-02-11T12:57:48.482252Z  INFO Total Q3 Communication Sent 4359.9657 MB, Recv 3948.6722 MB
2026-02-11T13:05:56.160208Z  INFO Total Q3 execution time: 19.773973875s
2026-02-11T13:05:56.160213Z  INFO Total Q3 Communication Sent 4359.9657 MB, Recv 3948.6722 MB
2026-02-11T13:45:38.567153Z  INFO Total Q3 execution time: 20.04099825s
2026-02-11T13:45:38.567160Z  INFO Total Q3 Communication Sent 4359.9657 MB, Recv 3948.6722 MB
2026-02-11T13:51:16.426321Z  INFO Total Q3 execution time: 20.372914042s
2026-02-11T13:51:16.426326Z  INFO Total Q3 Communication Sent 4359.9657 MB, Recv 3948.6722 MB
2026-02-11T14:35:19.485282Z  INFO Total Q3 execution time: 22.162209583s
2026-02-11T14:35:19.485288Z  INFO Total Q3 Communication Sent 4359.9657 MB, Recv 3948.6722 MB
2026-02-11T14:40:51.234394Z  INFO Total Q3 execution time: 28.988784291s
2026-02-11T14:40:51.234399Z  INFO Total Q3 Communication Sent 4359.9657 MB, Recv 3948.6722 MB
2026-02-11T14:43:01.534966Z  INFO Total Q3 execution time: 21.35330725s
2026-02-11T14:43:01.534986Z  INFO Total Q3 Communication Sent 4359.9657 MB, Recv 3948.6722 MB
2026-02-11T14:54:51.018723Z  INFO Total Q3 execution time: 23.667405584s
2026-02-11T14:54:51.018729Z  INFO Total Q3 Communication Sent 4359.9657 MB, Recv 3948.6722 MB
2026-02-11T15:17:22.654014Z  INFO Total Q3 execution time: 20.063500583s
2026-02-11T15:17:22.654020Z  INFO Total Q3 Communication Sent 4359.9657 MB, Recv 3948.6722 MB
2026-02-11T15:21:56.255046Z  INFO Total Q3 execution time: 21.988350708s
2026-02-11T15:21:56.255051Z  INFO Total Q3 Communication Sent 4359.9657 MB, Recv 3948.6722 MB
2026-02-11T15:26:25.255843Z  INFO Total Q3 execution time: 20.548973292s
2026-02-11T15:26:25.255848Z  INFO Total Q3 Communication Sent 4359.9657 MB, Recv 3948.6722 MB
2026-02-11T15:32:50.003091Z  INFO Total Q3 execution time: 21.127830875s
2026-02-11T15:32:50.003094Z  INFO Total Q3 Communication Sent 4359.9657 MB, Recv 3948.6722 MB
2026-02-11T15:37:29.273138Z  INFO Total Q3 execution time: 20.743100917s
2026-02-11T15:37:29.273143Z  INFO Total Q3 Communication Sent 4359.9657 MB, Recv 3948.6722 MB
2026-02-11T15:39:06.755330Z  INFO Total Q3 execution time: 21.430910167s
2026-02-11T15:39:06.755359Z  INFO Total Q3 Communication Sent 4359.9293 MB, Recv 3948.6331 MB
2026-02-11T15:43:21.695813Z  INFO Total Q3 execution time: 20.526603792s
2026-02-11T15:43:21.695817Z  INFO Total Q3 Communication Sent 4359.9293 MB, Recv 3948.6331 MB
2026-02-11T15:43:59.745889Z  INFO Total Q3 execution time: 21.568818875s
2026-02-11T15:43:59.745895Z  INFO Total Q3 Communication Sent 4359.9657 MB, Recv 3948.6722 MB
2026-02-21T15:14:19.629322Z  INFO Total Q14 execution time: 5.69809125s
2026-02-21T15:14:19.629326Z  INFO Total Q14 Communication Sent 2071.5598 MB, Recv 1763.3316 MB
2026-02-21T15:14:37.906125Z  INFO Total Q14 execution time: 5.7351225s
2026-02-21T15:14:37.906128Z  INFO Total Q14 Communication Sent 2071.5598 MB, Recv 1763.3316 MB
2026-02-21T15:16:31.014837Z  INFO Total Q14 execution time: 5.613629791s
2026-02-21T15:16:31.014859Z  INFO Total Q14 Communication Sent 2071.5598 MB, Recv 1763.3316 MB
2026-02-22T04:11:21.681001Z  INFO Total Q13 execution time: 2.63340475s
2026-02-22T04:11:21.681008Z  INFO Total Q13 Communication Sent 525.8471 MB, Recv 468.7444 MB
2026-03-08T04:12:43.674113Z  INFO Total Q3 execution time: 16.75340125s
2026-03-08T04:12:43.674117Z  INFO Total Q3 Communication Sent 4359.9171 MB, Recv 3948.6198 MB
2026-03-08T04:20:34.014385Z  INFO Total Q3 execution time: 20.281507583s
2026-03-08T04:20:34.014388Z  INFO Total Q3 Communication Sent 4359.9171 MB, Recv 3948.6198 MB
2026-03-08T04:21:29.844270Z  INFO Total Q3 execution time: 17.56282425s
2026-03-08T04:21:29.844275Z  INFO Total Q3 Communication Sent 4359.9171 MB, Recv 3948.6198 MB
2026-03-08T04:23:25.122298Z  INFO Total Q3 execution time: 18.098214167s
2026-03-08T04:23:25.122301Z  INFO Total Q3 Communication Sent 4359.9171 MB, Recv 3948.6198 MB
2026-03-08T04:24:28.357267Z  INFO Total Q3 execution time: 16.857052167s
2026-03-08T04:24:28.357272Z  INFO Total Q3 Communication Sent 4359.9171 MB, Recv 3948.6198 MB
2026-03-08T04:26:14.778076Z  INFO Total Q3 execution time: 18.032379s
2026-03-08T04:26:14.778087Z  INFO Total Q3 Communication Sent 4359.9171 MB, Recv 3948.6198 MB
2026-03-08T04:27:27.577706Z  INFO Total Q3 execution time: 17.320676667s
2026-03-08T04:27:27.577709Z  INFO Total Q3 Communication Sent 4359.9171 MB, Recv 3948.6198 MB
2026-03-08T04:29:58.424934Z  INFO Total Q3 execution time: 16.912525s
2026-03-08T04:29:58.424938Z  INFO Total Q3 Communication Sent 4359.9171 MB, Recv 3948.6198 MB
2026-03-08T05:37:58.249234Z  INFO Total Q3 execution time: 17.104270667s
2026-03-08T05:37:58.249238Z  INFO Total Q3 Communication Sent 4359.9171 MB, Recv 3948.6198 MB
2026-03-08T05:38:23.273978Z  INFO Total Q3 execution time: 17.945926416s
2026-03-08T05:38:23.273982Z  INFO Total Q3 Communication Sent 4359.9171 MB, Recv 3948.6198 MB
2026-03-08T05:39:17.486027Z  INFO Total Q3 execution time: 17.572595292s
2026-03-08T05:39:17.486032Z  INFO Total Q3 Communication Sent 4359.9171 MB, Recv 3948.6198 MB
2026-03-08T05:40:55.607084Z  INFO Total Q3 execution time: 17.435031167s
2026-03-08T05:40:55.607089Z  INFO Total Q3 Communication Sent 4359.9171 MB, Recv 3948.6198 MB
2026-03-08T05:47:04.098755Z  INFO Total Q3 execution time: 17.427412084s
2026-03-08T05:47:04.098759Z  INFO Total Q3 Communication Sent 4359.9171 MB, Recv 3948.6198 MB
2026-03-08T14:01:39.301149Z  INFO Total Q3 execution time: 19.163647209s
2026-03-08T14:01:39.301154Z  INFO Total Q3 Communication Sent 4359.9171 MB, Recv 3948.6198 MB
2026-03-08T14:03:57.695119Z  INFO Total Q3 execution time: 18.470491792s
2026-03-08T14:03:57.695149Z  INFO Total Q3 Communication Sent 4359.9171 MB, Recv 3948.6198 MB
2026-03-08T14:04:37.992676Z  INFO Total Q3 execution time: 19.546654292s
2026-03-08T14:04:37.992680Z  INFO Total Q3 Communication Sent 4359.9171 MB, Recv 3948.6198 MB
2026-03-15T13:16:51.044106Z  INFO Total Q3 execution time: 2.770609s
2026-03-15T13:16:51.044109Z  INFO Total Q3 Communication Sent 436.0471 MB, Recv 394.9203 MB
2026-03-15T13:17:19.225746Z  INFO Total Q3 execution time: 20.596250417s
2026-03-15T13:17:19.225758Z  INFO Total Q3 Communication Sent 4359.9171 MB, Recv 3948.6198 MB
2026-03-15T13:33:16.249220Z  INFO Total Q3 execution time: 19.308704583s
2026-03-15T13:33:16.249224Z  INFO Total Q3 Communication Sent 4359.9171 MB, Recv 3948.6198 MB
2026-03-21T10:52:27.171064Z  INFO Total Q1 execution time: 1.526633958s
2026-03-21T10:52:51.249644Z  INFO Total Q2 execution time: 1.911900541s
2026-03-21T10:53:09.514821Z  INFO Total Q3 execution time: 2.627260708s
2026-03-21T10:53:25.134868Z  INFO Total Q4 execution time: 1.379516041s
2026-03-21T10:53:42.524516Z  INFO Total Q5 execution time: 2.848242833s
2026-03-21T10:53:50.642560Z  INFO Total Q6 execution time: 79.524083ms
2026-03-21T10:54:09.169271Z  INFO Total Q7 execution time: 4.133470167s
2026-03-21T10:54:28.026017Z  INFO Total Q8 execution time: 4.220690542s
2026-03-21T10:54:46.753761Z  INFO Total Q9 execution time: 5.482351417s
2026-03-21T10:55:04.334101Z  INFO Total Q10 execution time: 3.572711208s
2026-03-21T10:59:30.817595Z  INFO Total Q3 execution time: 18.066495041s
2026-03-21T10:59:30.817599Z  INFO Total Party0 Q3 Communication Sent 4359.9171 MB, Recv 3948.6198 MB
2026-03-21T10:59:30.818835Z  INFO Total Party2 Q3 Communication Sent 5096.4657 MB, Recv 5330.7219 MB
2026-03-21T10:59:30.818901Z  INFO Total Party1 Q3 Communication Sent 5155.1829 MB, Recv 5332.2240 MB
2026-03-21T11:01:55.073789Z  INFO Total Q3 execution time: 17.968545834s
2026-03-21T11:01:55.073797Z  INFO Total Party0 Q3 Communication Sent 4359.9171 MB, Recv 3948.6198 MB
2026-03-21T11:01:55.075407Z  INFO Total Party2 Q3 Communication Sent 5096.4657 MB, Recv 5330.7219 MB
2026-03-21T11:01:55.075662Z  INFO Total Party1 Q3 Communication Sent 5155.1829 MB, Recv 5332.2240 MB
2026-03-27T06:18:13.006324Z  INFO Total Q3 execution time: 16.3669335s
2026-03-27T06:18:13.006328Z  INFO Total Party0 Q3 Communication Sent 4359.9171 MB, Recv 3948.6198 MB
2026-03-27T06:18:13.007791Z  INFO Total Party2 Q3 Communication Sent 5096.4657 MB, Recv 5330.7219 MB
2026-03-27T06:18:13.008064Z  INFO Total Party1 Q3 Communication Sent 5155.1829 MB, Recv 5332.2240 MB
2026-07-28T13:45:01.118848Z  INFO Total Q3 execution time: 2.63275575s
2026-07-28T13:45:01.118851Z  INFO Total Party0 Q3 Communication Sent 436.0471 MB, Recv 394.9203 MB
2026-07-28T13:45:01.119258Z  INFO Total Party2 Q3 Communication Sent 509.7080 MB, Recv 533.1297 MB
2026-07-28T13:45:01.119289Z  INFO Total Party1 Q3 Communication Sent 515.5878 MB, Recv 533.2929 MB
2026-07-28T13:45:27.005017Z  INFO Total Q3 execution time: 2.668921208s
2026-07-28T13:45:27.005020Z  INFO Total Party0 Q3 Communication Sent 436.0471 MB, Recv 394.9203 MB
2026-07-28T13:45:27.005358Z  INFO Total Party2 Q3 Communication Sent 509.7080 MB, Recv 533.1297 MB
2026-07-28T13:45:27.005559Z  INFO Total Party1 Q3 Communication Sent 515.5878 MB, Recv 533.2929 MB
2026-07-30T04:23:20.597501Z  INFO Total Party2 Q1 Communication Sent 331.5499 MB, Recv 356.4962 MB
2026-07-30T04:23:20.597626Z  INFO Total Q1 execution time: 1.609315666s
2026-07-30T04:23:20.597629Z  INFO Total Party0 Q1 Communication Sent 297.9006 MB, Recv 257.8472 MB
2026-07-30T04:23:20.597699Z  INFO Total Party1 Q1 Communication Sent 337.9638 MB, Recv 353.0709 MB
2026-07-30T04:27:57.877449Z  INFO Total Party2 Q1 Communication Sent 331.5499 MB, Recv 356.4962 MB
2026-07-30T04:27:57.877652Z  INFO Total Q1 execution time: 1.549808125s
2026-07-30T04:27:57.877654Z  INFO Total Party1 Q1 Communication Sent 337.9638 MB, Recv 353.0709 MB
2026-07-30T04:27:57.877658Z  INFO Total Party0 Q1 Communication Sent 297.9006 MB, Recv 257.8472 MB
2026-07-30T05:00:59.583444Z  INFO Total Party2 Q1 Communication Sent 331.5499 MB, Recv 356.4962 MB
2026-07-30T05:00:59.583550Z  INFO Total Party1 Q1 Communication Sent 337.9638 MB, Recv 353.0709 MB
2026-07-30T05:00:59.583558Z  INFO Total Q1 execution time: 1.593548458s
2026-07-30T05:00:59.583563Z  INFO Total Party0 Q1 Communication Sent 297.9006 MB, Recv 257.8472 MB
2026-08-06T12:39:14.151865Z  INFO Total Q9 execution time: 5.757271708s
2026-08-06T12:39:14.151873Z  INFO Total Party0 Q9 Communication Sent 879.5003 MB, Recv 834.7772 MB
2026-08-06T12:39:14.152449Z  INFO Total Party2 Q9 Communication Sent 1093.9971 MB, Recv 1120.7157 MB
2026-08-06T12:39:14.152533Z  INFO Total Party1 Q9 Communication Sent 1103.3992 MB, Recv 1121.4038 MB
2026-09-08T07:57:54.450191Z  INFO Total Party2 Q6 Communication Sent 49.9017 MB, Recv 64.5510 MB
2026-09-08T07:57:54.450250Z  INFO Total Q6 execution time: 61.033625ms
2026-09-08T07:57:54.450253Z  INFO Total Party0 Q6 Communication Sent 79.2000 MB, Recv 49.9017 MB
2026-09-08T07:57:54.450289Z  INFO Total Party1 Q6 Communication Sent 49.9018 MB, Recv 64.5508 MB
2026-09-08T07:58:15.219507Z  INFO Total Party1 Q6 Communication Sent 63.1783 MB, Recv 78.2851 MB
2026-09-08T07:58:15.219569Z  INFO Total Party2 Q6 Communication Sent 63.6359 MB, Recv 77.8275 MB
2026-09-08T07:58:15.219619Z  INFO Total Q6 execution time: 80.455792ms
2026-09-08T07:58:15.219626Z  INFO Total Party0 Q6 Communication Sent 92.9343 MB, Recv 63.6359 MB
2026-09-08T07:59:14.217309Z  INFO Total Party1 Q6 Communication Sent 631.7208 MB, Recv 782.7834 MB
2026-09-08T07:59:14.217368Z  INFO Total Party2 Q6 Communication Sent 636.2983 MB, Recv 778.2059 MB
2026-09-08T07:59:14.217442Z  INFO Total Q6 execution time: 768.415625ms
2026-09-08T07:59:14.217455Z  INFO Total Party0 Q6 Communication Sent 929.2685 MB, Recv 636.2983 MB
2026-09-08T07:59:31.637722Z  INFO Total Party1 Q6 Communication Sent 498.9680 MB, Recv 645.4529 MB
2026-09-08T07:59:31.638291Z  INFO Total Party2 Q6 Communication Sent 498.9678 MB, Recv 645.4531 MB
2026-09-08T07:59:31.638319Z  INFO Total Q6 execution time: 540.933167ms
2026-09-08T07:59:31.638325Z  INFO Total Party0 Q6 Communication Sent 791.9380 MB, Recv 498.9678 MB
2026-09-08T08:00:09.030603Z  INFO Total Party2 Q6 Communication Sent 6362.9218 MB, Recv 7781.9901 MB
2026-09-08T08:00:09.032739Z  INFO Total Q6 execution time: 10.293010875s
2026-09-08T08:00:09.032748Z  INFO Total Party0 Q6 Communication Sent 9292.6108 MB, Recv 6362.9218 MB
2026-09-08T08:00:09.032798Z  INFO Total Party1 Q6 Communication Sent 6317.1456 MB, Recv 7827.7663 MB
2026-09-08T08:00:38.766735Z  INFO Total Party2 Q6 Communication Sent 4989.6294 MB, Recv 6454.4741 MB
2026-09-08T08:00:38.766812Z  INFO Total Party1 Q6 Communication Sent 4989.6296 MB, Recv 6454.4739 MB
2026-09-08T08:00:38.766811Z  INFO Total Q6 execution time: 6.711798375s
2026-09-08T08:00:38.766824Z  INFO Total Party0 Q6 Communication Sent 7919.3184 MB, Recv 4989.6294 MB
2026-09-08T09:05:35.735106Z  INFO Total Party1 Q6_ORQ preprocessing Communication Sent 3250.1259 MB, Recv 4714.9702 MB
2026-09-08T09:05:35.749335Z  INFO Total Party2 Q6_ORQ preprocessing Communication Sent 3250.1257 MB, Recv 4714.9704 MB
2026-09-08T09:05:35.763167Z  INFO Total Party0 Q6_ORQ preprocessing Communication Sent 6179.8147 MB, Recv 3250.1257 MB
2026-09-08T09:05:41.334656Z  INFO Total Q6_ORQ execution time: 4.945196833s
2026-09-08T09:05:41.334671Z  INFO Total Party0 Q6_ORQ total (preprocessing + query) Communication Sent 7667.5483 MB, Recv 4737.8593 MB
2026-09-08T09:05:41.334729Z  INFO Total Party1 Q6_ORQ total (preprocessing + query) Communication Sent 4692.0831 MB, Recv 6202.7038 MB
2026-09-08T09:05:41.334784Z  INFO Total Party2 Q6_ORQ total (preprocessing + query) Communication Sent 4737.8593 MB, Recv 6156.9276 MB
2026-09-08T09:11:09.683570Z  INFO Total Party1 Q6_ORQ preprocessing Communication Sent 3250.1259 MB, Recv 4714.9702 MB
2026-09-08T09:11:09.689302Z  INFO Total Party2 Q6_ORQ preprocessing Communication Sent 3250.1257 MB, Recv 4714.9704 MB
2026-09-08T09:11:09.691823Z  INFO Total Party0 Q6_ORQ preprocessing Communication Sent 6179.8147 MB, Recv 3250.1257 MB
2026-09-08T09:11:16.371551Z  INFO Total Q6_ORQ execution time: 6.146654917s
2026-09-08T09:11:16.371568Z  INFO Total Party0 Q6_ORQ total (preprocessing + query) Communication Sent 7827.7656 MB, Recv 4898.0766 MB
2026-09-08T09:11:16.372170Z  INFO Total Party1 Q6_ORQ total (preprocessing + query) Communication Sent 4852.3004 MB, Recv 6362.9211 MB
2026-09-08T09:11:16.372198Z  INFO Total Party2 Q6_ORQ total (preprocessing + query) Communication Sent 4898.0766 MB, Recv 6317.1449 MB
2026-09-08T09:12:33.971372Z  INFO Total Party1 Q6_ORQ preprocessing Communication Sent 3250.1259 MB, Recv 4714.9702 MB
2026-09-08T09:12:33.979326Z  INFO Total Party2 Q6_ORQ preprocessing Communication Sent 3250.1257 MB, Recv 4714.9704 MB
2026-09-08T09:12:33.987659Z  INFO Total Party0 Q6_ORQ preprocessing Communication Sent 6179.8147 MB, Recv 3250.1257 MB
2026-09-08T09:12:37.521850Z  INFO Total Party2 Q6_ORQ total (preprocessing + query) Communication Sent 3524.7842 MB, Recv 4989.6289 MB
2026-09-08T09:12:37.522155Z  INFO Total Q6_ORQ execution time: 3.350534792s
2026-09-08T09:12:37.522170Z  INFO Total Party0 Q6_ORQ total (preprocessing + query) Communication Sent 6454.4732 MB, Recv 3524.7842 MB
2026-09-08T09:12:37.522221Z  INFO Total Party1 Q6_ORQ total (preprocessing + query) Communication Sent 3524.7844 MB, Recv 4989.6287 MB
2026-09-08T09:34:54.108699Z  INFO Total Party0 Q6_ORQ preprocessing Communication Sent 6179.8147 MB, Recv 3250.1257 MB
2026-09-08T09:34:54.109540Z  INFO Total Party2 Q6_ORQ preprocessing Communication Sent 3250.1257 MB, Recv 4714.9704 MB
2026-09-08T09:34:54.110080Z  INFO Total Party1 Q6_ORQ preprocessing Communication Sent 3250.1259 MB, Recv 4714.9702 MB
2026-09-08T09:39:31.906459Z  INFO Total Party2 Q6_ORQ preprocessing Communication Sent 3250.1257 MB, Recv 4714.9704 MB
2026-09-08T09:39:31.906485Z  INFO Total Party0 Q6_ORQ preprocessing Communication Sent 6179.8147 MB, Recv 3250.1257 MB
2026-09-08T09:39:31.912784Z  INFO Total Party1 Q6_ORQ preprocessing Communication Sent 3250.1259 MB, Recv 4714.9702 MB
2026-09-08T09:46:31.237341Z  INFO Total Party1 Q6_ORQ preprocessing Communication Sent 3250.1259 MB, Recv 4714.9702 MB
2026-09-08T09:46:31.245415Z  INFO Total Party0 Q6_ORQ preprocessing Communication Sent 6179.8147 MB, Recv 3250.1257 MB
2026-09-08T09:46:31.261933Z  INFO Total Party2 Q6_ORQ preprocessing Communication Sent 3250.1257 MB, Recv 4714.9704 MB
2026-09-08T09:46:34.315030Z  INFO Total Party2 Q6_ORQ total (preprocessing + query) Communication Sent 3616.3371 MB, Recv 5081.1817 MB
2026-09-08T09:46:34.315552Z  INFO Total Q6_ORQ execution time: 2.416493083s
2026-09-08T09:46:34.315562Z  INFO Total Party0 Q6_ORQ total (preprocessing + query) Communication Sent 6546.0260 MB, Recv 3616.3371 MB
2026-09-08T09:46:34.315612Z  INFO Total Party1 Q6_ORQ total (preprocessing + query) Communication Sent 3616.3372 MB, Recv 5081.1815 MB
2026-09-08T09:54:17.197393Z  INFO Total Party2 Q6_ORQ preprocessing Communication Sent 3250.1257 MB, Recv 4714.9704 MB
2026-09-08T09:54:17.200216Z  INFO Total Party1 Q6_ORQ preprocessing Communication Sent 3250.1259 MB, Recv 4714.9702 MB
2026-09-08T09:54:17.201304Z  INFO Total Party0 Q6_ORQ preprocessing Communication Sent 6179.8147 MB, Recv 3250.1257 MB
2026-09-08T09:54:20.381860Z  INFO Total Q6_ORQ execution time: 2.313488667s
2026-09-08T09:54:20.381877Z  INFO Total Party0 Q6_ORQ total (preprocessing + query) Communication Sent 6546.0260 MB, Recv 3616.3371 MB
2026-09-08T09:54:20.387542Z  INFO Total Party1 Q6_ORQ total (preprocessing + query) Communication Sent 3616.3372 MB, Recv 5081.1815 MB
2026-09-08T09:54:20.387604Z  INFO Total Party2 Q6_ORQ total (preprocessing + query) Communication Sent 3616.3371 MB, Recv 5081.1817 MB
2026-09-09T01:23:39.800699Z  INFO Total Party1 Q6_ORQ preprocessing Communication Sent 3250.1259 MB, Recv 4714.9702 MB
2026-09-09T01:23:39.803358Z  INFO Total Party0 Q6_ORQ preprocessing Communication Sent 6179.8147 MB, Recv 3250.1257 MB
2026-09-09T01:23:39.804424Z  INFO Total Party2 Q6_ORQ preprocessing Communication Sent 3250.1257 MB, Recv 4714.9704 MB
2026-09-09T01:23:42.762517Z  INFO Total Q6_ORQ execution time: 2.214424125s
2026-09-09T01:23:42.762530Z  INFO Total Party0 Q6_ORQ total (preprocessing + query) Communication Sent 6546.0260 MB, Recv 3616.3371 MB
2026-09-09T01:23:42.768153Z  INFO Total Party1 Q6_ORQ total (preprocessing + query) Communication Sent 3616.3372 MB, Recv 5081.1815 MB
2026-09-09T01:23:42.768217Z  INFO Total Party2 Q6_ORQ total (preprocessing + query) Communication Sent 3616.3371 MB, Recv 5081.1817 MB
2026-09-09T01:25:35.870859Z  INFO Total Party2 Q6_ORQ_BIT preprocessing Communication Sent 3250.1257 MB, Recv 4726.4145 MB
2026-09-09T01:25:35.874343Z  INFO Total Party0 Q6_ORQ_BIT preprocessing Communication Sent 6202.7030 MB, Recv 3250.1257 MB
2026-09-09T01:25:35.874424Z  INFO Total Party1 Q6_ORQ_BIT preprocessing Communication Sent 3250.1259 MB, Recv 4726.4144 MB
2026-09-09T01:25:37.718698Z  INFO Total Q6_ORQ_BIT execution time: 1.357278292s
2026-09-09T01:25:37.718712Z  INFO Total Party0 Q6_ORQ_BIT total (preprocessing + query) Communication Sent 6368.6427 MB, Recv 3416.0654 MB
2026-09-09T01:25:37.723763Z  INFO Total Party2 Q6_ORQ_BIT total (preprocessing + query) Communication Sent 3416.0654 MB, Recv 4892.3542 MB
2026-09-09T01:25:37.724035Z  INFO Total Party1 Q6_ORQ_BIT total (preprocessing + query) Communication Sent 3416.0656 MB, Recv 4892.3541 MB
2026-09-09T01:26:00.256479Z  INFO Total Party2 Q6_ORQ_BIT preprocessing Communication Sent 3250.1257 MB, Recv 4726.4145 MB
2026-09-09T01:26:00.282379Z  INFO Total Party1 Q6_ORQ_BIT preprocessing Communication Sent 3250.1259 MB, Recv 4726.4144 MB
2026-09-09T01:26:00.288996Z  INFO Total Party0 Q6_ORQ_BIT preprocessing Communication Sent 6202.7030 MB, Recv 3250.1257 MB
2026-09-09T01:26:02.713515Z  INFO Total Q6_ORQ_BIT execution time: 2.367878292s
2026-09-09T01:26:02.713528Z  INFO Total Party0 Q6_ORQ_BIT total (preprocessing + query) Communication Sent 6368.6427 MB, Recv 3416.0654 MB
2026-09-09T01:26:02.716334Z  INFO Total Party1 Q6_ORQ_BIT total (preprocessing + query) Communication Sent 3416.0656 MB, Recv 4892.3541 MB
2026-09-09T01:26:02.716398Z  INFO Total Party2 Q6_ORQ_BIT total (preprocessing + query) Communication Sent 3416.0654 MB, Recv 4892.3542 MB
2026-09-09T01:26:28.799975Z  INFO Total Party2 Q6_ORQ_BIT preprocessing Communication Sent 3250.1257 MB, Recv 4726.4145 MB
2026-09-09T01:26:28.810172Z  INFO Total Party0 Q6_ORQ_BIT preprocessing Communication Sent 6202.7030 MB, Recv 3250.1257 MB
2026-09-09T01:26:28.812976Z  INFO Total Party1 Q6_ORQ_BIT preprocessing Communication Sent 3250.1259 MB, Recv 4726.4144 MB
2026-09-09T01:26:30.834456Z  INFO Total Party2 Q6_ORQ_BIT total (preprocessing + query) Communication Sent 3416.0654 MB, Recv 4892.3542 MB
2026-09-09T01:26:30.834534Z  INFO Total Q6_ORQ_BIT execution time: 1.973393s
2026-09-09T01:26:30.834541Z  INFO Total Party0 Q6_ORQ_BIT total (preprocessing + query) Communication Sent 6368.6427 MB, Recv 3416.0654 MB
2026-09-09T01:26:30.834584Z  INFO Total Party1 Q6_ORQ_BIT total (preprocessing + query) Communication Sent 3416.0656 MB, Recv 4892.3541 MB
2026-09-09T01:26:46.321779Z  INFO Total Party0 Q6_ORQ_BIT preprocessing Communication Sent 6202.7030 MB, Recv 3250.1257 MB
2026-09-09T01:26:46.321847Z  INFO Total Party1 Q6_ORQ_BIT preprocessing Communication Sent 3250.1259 MB, Recv 4726.4144 MB
2026-09-09T01:26:46.322117Z  INFO Total Party2 Q6_ORQ_BIT preprocessing Communication Sent 3250.1257 MB, Recv 4726.4145 MB
2026-09-09T01:26:48.579291Z  INFO Total Q6_ORQ_BIT execution time: 2.195633417s
2026-09-09T01:26:48.579300Z  INFO Total Party0 Q6_ORQ_BIT total (preprocessing + query) Communication Sent 6368.6427 MB, Recv 3416.0654 MB
2026-09-09T01:26:48.580353Z  INFO Total Party1 Q6_ORQ_BIT total (preprocessing + query) Communication Sent 3416.0656 MB, Recv 4892.3541 MB
2026-09-09T01:26:48.580392Z  INFO Total Party2 Q6_ORQ_BIT total (preprocessing + query) Communication Sent 3416.0654 MB, Recv 4892.3542 MB
2026-09-09T01:28:11.876561Z  INFO Total Party2 Q6_ORQ_BIT preprocessing Communication Sent 3250.1257 MB, Recv 4726.4145 MB
2026-09-09T01:28:11.888525Z  INFO Total Party1 Q6_ORQ_BIT preprocessing Communication Sent 3250.1259 MB, Recv 4726.4144 MB
2026-09-09T01:28:11.889786Z  INFO Total Party0 Q6_ORQ_BIT preprocessing Communication Sent 6202.7030 MB, Recv 3250.1257 MB
2026-09-09T01:28:14.849240Z  INFO Total Party2 Q6_ORQ_BIT total (preprocessing + query) Communication Sent 3416.0654 MB, Recv 4892.3542 MB
2026-09-09T01:28:14.851136Z  INFO Total Q6_ORQ_BIT execution time: 1.617938458s
2026-09-09T01:28:14.851147Z  INFO Total Party0 Q6_ORQ_BIT total (preprocessing + query) Communication Sent 6368.6427 MB, Recv 3416.0654 MB
2026-09-09T01:28:14.851254Z  INFO Total Party1 Q6_ORQ_BIT total (preprocessing + query) Communication Sent 3416.0656 MB, Recv 4892.3541 MB
2026-09-09T09:39:10.242223Z  INFO Total Party0 Q6_ORQ_ARI_VALID preprocessing Communication Sent 6362.9203 MB, Recv 3250.1257 MB
2026-09-09T09:39:10.302886Z  INFO Total Party1 Q6_ORQ_ARI_VALID preprocessing Communication Sent 3250.1259 MB, Recv 4806.5230 MB
2026-09-09T09:39:10.306319Z  INFO Total Party2 Q6_ORQ_ARI_VALID preprocessing Communication Sent 3250.1257 MB, Recv 4806.5232 MB
2026-09-09T09:39:16.113131Z  INFO Total Q6_ORQ_ARI_VALID execution time: 5.143658666s
2026-09-09T09:39:16.113157Z  INFO Total Party0 Q6_ORQ_ARI_VALID total (preprocessing + query) Communication Sent 8010.8711 MB, Recv 4898.0766 MB
2026-09-09T09:39:16.113760Z  INFO Total Party1 Q6_ORQ_ARI_VALID total (preprocessing + query) Communication Sent 4852.3004 MB, Recv 6454.4739 MB
2026-09-09T09:39:16.113788Z  INFO Total Party2 Q6_ORQ_ARI_VALID total (preprocessing + query) Communication Sent 4898.0766 MB, Recv 6408.6976 MB
